WARNING:root:No DATABASE_URL environment variable set, and so no databases setup
WARNING:root:No DATABASE_URL environment variable set, and so no databases setup
django.utils.autoreload INFO     Watching for file changes with StatReloader
/root/obico-server/venv/lib/python3.11/site-packages/pydantic/_internal/_fields.py:161: UserWarning: Field "model_analysis" has conflict with protected namespace "model_".

You may be able to resolve this warning by setting `model_config['protected_namespaces'] = ()`.
  warnings.warn(
System check identified some issues:

WARNINGS:
app.User: (auth.W004) 'User.email' is named as the 'USERNAME_FIELD', but it is not unique.
	HINT: Ensure that your authentication backend(s) can handle non-unique usernames.

System check identified 1 issue (0 silenced).
/root/obico-server/venv/lib/python3.11/site-packages/django/core/handlers/base.py:61: UserWarning: No directory at: /root/obico-server/backend/static_build/
  mw_instance = middleware(adapted_handler)
daphne.server INFO     HTTP/2 support enabled
daphne.server INFO     Configuring endpoint tcp:port=8001:interface=0.0.0.0
daphne.server INFO     Listening on TCP address 0.0.0.0:8001
django.utils.autoreload INFO     /root/obico-server/backend/config/settings.py changed, reloading.
Performing system checks...

June 14, 2025 - 06:51:26
Django version 4.0.10, using settings 'config.settings'
Starting ASGI/Daphne version 4.1.2 development server at http://0.0.0.0:8001/
Quit the server with CONTROL-C.
Traceback (most recent call last):
  File "/root/obico-server/backend/manage.py", line 15, in <module>
    execute_from_command_line(sys.argv)
  File "/root/obico-server/venv/lib/python3.11/site-packages/django/core/management/__init__.py", line 446, in execute_from_command_line
    utility.execute()
  File "/root/obico-server/venv/lib/python3.11/site-packages/django/core/management/__init__.py", line 386, in execute
    settings.INSTALLED_APPS
  File "/root/obico-server/venv/lib/python3.11/site-packages/django/conf/__init__.py", line 87, in __getattr__
    self._setup(name)
  File "/root/obico-server/venv/lib/python3.11/site-packages/django/conf/__init__.py", line 74, in _setup
    self._wrapped = Settings(settings_module)
                    ^^^^^^^^^^^^^^^^^^^^^^^^^
  File "/root/obico-server/venv/lib/python3.11/site-packages/django/conf/__init__.py", line 183, in __init__
    mod = importlib.import_module(self.SETTINGS_MODULE)
          ^^^^^^^^^^^^^^^^^^^^^^^^^^^^^^^^^^^^^^^^^^^^^
  File "/usr/lib/python3.11/importlib/__init__.py", line 126, in import_module
    return _bootstrap._gcd_import(name[level:], package, level)
           ^^^^^^^^^^^^^^^^^^^^^^^^^^^^^^^^^^^^^^^^^^^^^^^^^^^^
  File "<frozen importlib._bootstrap>", line 1206, in _gcd_import
  File "<frozen importlib._bootstrap>", line 1178, in _find_and_load
  File "<frozen importlib._bootstrap>", line 1149, in _find_and_load_unlocked
  File "<frozen importlib._bootstrap>", line 690, in _load_unlocked
  File "<frozen importlib._bootstrap_external>", line 940, in exec_module
  File "<frozen importlib._bootstrap>", line 241, in _call_with_frames_removed
  File "/root/obico-server/backend/config/settings.py", line 13, in <module>
    load_dotenv(os.path.join(BASE_DIR, '..', '.env'))
                             ^^^^^^^^
NameError: name 'BASE_DIR' is not defined
